[www.gmhkaia.com/index.html]
[backblue.gif]
[fade.gif]
[index.html]
[www.gmhkaia.com/wp-content/themes/salient/css/fonts/icomoonffaf.woff]
[www.gmhkaia.com/wp-includes/css/classic-themes.min18cf.css]
[www.gmhkaia.com/comments/feed/index.html]
[www.gmhkaia.com/feed/index.html]
[www.gmhkaia.com/wp-content/plugins/contact-form-7/includes/css/styles080f.css]
[www.gmhkaia.com/wp-content/themes/salient/css/build/grid-systemd850.css]
[www.gmhkaia.com/wp-content/themes/salient/css/build/styled850.css]
[www.gmhkaia.com/wp-content/themes/salient/css/build/header/header-layout-centered-logo-between-menu-altd850.css]
[www.gmhkaia.com/wp-content/themes/salient/css/build/elements/element-fancy-boxd850.css]
[www.gmhkaia.com/wp-content/themes/salient/css/build/elements/element-post-gridd850.css]
[www.gmhkaia.com/wp-content/themes/salient/css/build/elements/element-tabbed-sectiond850.css]
[www.gmhkaia.com/wp-content/themes/salient/css/build/responsived850.css]
[www.gmhkaia.com/wp-content/themes/salient/css/build/plugins/flickityd850.css]
[www.gmhkaia.com/wp-content/themes/salient/css/build/plugins/select2f39e.css]
[www.gmhkaia.com/wp-content/themes/salient/css/build/skin-materiald850.css]
[www.gmhkaia.com/wp-content/uploads/salient/menu-dynamic2a99.css]
[www.gmhkaia.com/wp-content/plugins/js_composer_salient/assets/css/js_composer.min4d80.css]
[www.gmhkaia.com/wp-content/themes/salient/css/salient-dynamic-styles5ecc.css]
[www.gmhkaia.com/wp-content/plugins/google-analytics-for-wordpress/assets/js/frontend-gtag.min8471.js]
[www.gmhkaia.com/wp-includes/js/jquery/jquery.min5aed.js]
[www.gmhkaia.com/wp-includes/js/jquery/jquery-migrate.min6b00.js]
[www.gmhkaia.com/wp-json/wp/v2/pages/441.json]
[www.gmhkaia.com/wp-json/index.html]
[www.gmhkaia.com/xmlrpc0db0.php]
[www.gmhkaia.com/wp-includes/wlwmanifest.xml]
[www.gmhkaia.com/wp-json/oembed/1.0/embed3be6.json]
[www.gmhkaia.com/wp-json/oembed/1.0/embed9a6b]
[www.gmhkaia.com/wp-content/uploads/2023/06/cropped-Kaia-favicon-32x32.png]
[www.gmhkaia.com/wp-content/uploads/2023/06/cropped-Kaia-favicon-192x192.png]
[www.gmhkaia.com/wp-content/uploads/2023/06/cropped-Kaia-favicon-180x180.png]
[www.gmhkaia.com/wp-content/uploads/2023/07/Kaia-logo-fulll-b-1-half.png]
[www.gmhkaia.com/contact-us/index.html]
[www.gmhkaia.com/wp-content/uploads/2023/07/kaia-home-res-01-4.jpg]
[www.gmhkaia.com/wp-content/uploads/2023/07/kaia-home-res-01-3.jpg]
[www.gmhkaia.com/residences/index.html]
[www.gmhkaia.com/wp-content/uploads/2023/07/kaia-home-res-021-3.jpg]
[www.gmhkaia.com/wp-content/uploads/2023/07/kaia-home-res-03-3.jpg]
[www.gmhkaia.com/wp-content/uploads/2023/07/kaia-home-res-04-3.jpg]
[www.gmhkaia.com/wp-content/uploads/2023/07/KAIA-1-Site-Views-02-1.jpg]
[www.gmhkaia.com/wp-content/uploads/2023/07/KAIA-2-Social-Areas-04-1.jpg]
[www.gmhkaia.com/wp-content/uploads/2023/07/KAIA-4-Courtyard-11-01.jpg]
[www.gmhkaia.com/wp-content/uploads/2023/07/kaia-home-text-1-2.jpg]
[www.gmhkaia.com/wp-content/uploads/2023/07/kaia-home-text-2-2.jpg]
[www.gmhkaia.com/wp-content/uploads/2023/07/kaia-home-act-03.jpg]
[www.gmhkaia.com/wp-content/uploads/2023/07/kaia-home-act-01.jpg]
[www.gmhkaia.com/wp-content/uploads/2021/11/kiril-dobrev-8cQpL8kGqso-unsplash.jpg]
[www.gmhkaia.com/wp-content/uploads/2023/07/kaia-home-act-06.jpg]
[www.gmhkaia.com/wp-content/uploads/2023/07/kaia-home-act-04.jpg]
[www.gmhkaia.com/wp-content/uploads/2023/07/kaia-home-act-02.jpg]
[www.gmhkaia.com/wp-content/uploads/2023/07/kaia-home-act-05.jpg]
[www.gmhkaia.com/wp-content/uploads/2023/07/KAIA-2-Social-Areas-03-1.jpg]
[www.gmhkaia.com/kaia/crafting-sustainability-kaias-blueprint/index.html]
[www.gmhkaia.com/wp-content/uploads/2023/07/KAIA-2-Social-Areas-02-2.jpg]
[www.gmhkaia.com/kaia/about-us-gmh-development/index.html]
[www.gmhkaia.com/kaia/a-lifestyle-destination-reimagined/index.html]
[www.gmhkaia.com/kaia/welcome-to-kaia-a-new-way-of-living/index.html]
[www.gmhkaia.com/wp-content/themes/salient/css/build/style-non-criticald850.css]
[www.gmhkaia.com/sustainable-design/index.html]
[www.gmhkaia.com/location/index.html]
[www.gmhkaia.com/gallery/index.html]
[www.gmhkaia.com/wp-content/themes/salient/css/font-awesome.min6996.css]
[www.gmhkaia.com/lifestyle-destination/index.html]
[www.gmhkaia.com/wp-content/themes/salient/css/build/plugins/jquery.fancybox3d36.css]
[www.gmhkaia.com/about-us/index.html]
[www.gmhkaia.com/news/index.html]
[www.gmhkaia.com/team/index.html]
[www.gmhkaia.com/wp-content/themes/salient/css/build/off-canvas/cored850.css]
[www.gmhkaia.com/wp-content/plugins/contact-form-7/includes/swv/js/index080f.js]
[www.gmhkaia.com/wp-content/plugins/contact-form-7/includes/js/index080f.js]
[www.gmhkaia.com/wp-content/themes/salient/js/build/third-party/jquery.easing.min4e44.js]
[www.gmhkaia.com/wp-content/themes/salient/js/build/third-party/jquery.mousewheel.mina9d5.js]
[www.gmhkaia.com/wp-content/themes/salient/js/build/priorityd850.js]
[www.gmhkaia.com/wp-content/themes/salient/js/build/third-party/intersection-observer.min61da.js]
[www.gmhkaia.com/wp-content/themes/salient/js/build/third-party/transit.mine2dc.js]
[www.gmhkaia.com/wp-content/themes/salient/js/build/third-party/waypoints05da.js]
[www.gmhkaia.com/wp-content/plugins/salient-portfolio/js/third-party/imagesLoaded.mineda1.js]
[www.gmhkaia.com/wp-content/themes/salient/js/build/third-party/hoverintent.min3aa8.js]
[www.gmhkaia.com/wp-content/themes/salient/js/build/third-party/jquery.fancybox.minb186.js]
[www.gmhkaia.com/wp-content/themes/salient/js/build/third-party/anime.min8686.js]
[www.gmhkaia.com/wp-content/themes/salient/js/build/elements/nectar-text-inline-imagesd850.js]
[www.gmhkaia.com/wp-content/themes/salient/js/build/third-party/flickity.mina361.js]
[www.gmhkaia.com/wp-content/themes/salient/js/build/third-party/stickkit5152.js]
[www.gmhkaia.com/wp-content/themes/salient/js/build/third-party/superfish0322.js]
[www.gmhkaia.com/wp-content/themes/salient/js/build/initd850.js]
[www.gmhkaia.com/wp-content/plugins/salient-core/js/third-party/touchswipe.min5152.js]
[www.gmhkaia.com/wp-content/themes/salient/js/build/third-party/select2.minf39e.js]
[www.gmhkaia.com/wp-content/plugins/js_composer_salient/assets/js/dist/js_composer_front.min4d80.js]
[www.gmhkaia.com/wp-content/themes/salient/js/build/third-party/vivus.min37ad.js]
[www.gmhkaia.com/index.html]
[www.gmhkaia.com/wp-includes/css/classic-themes.min18cf.css]
[www.gmhkaia.com/wp-content/plugins/contact-form-7/includes/css/styles080f.css]
[www.gmhkaia.com/wp-content/themes/salient/css/build/grid-systemd850.css]
[www.gmhkaia.com/wp-content/themes/salient/img/icons/loading-white-bg.gif]
[www.gmhkaia.com/wp-content/themes/salient/img/icons/quote.png]
[www.gmhkaia.com/wp-content/themes/salient/img/icons/link.png]
[www.gmhkaia.com/wp-content/themes/salient/img/icons/status.png]
[www.gmhkaia.com/wp-content/themes/salient/img/icons/quote-2x.png]
[www.gmhkaia.com/wp-content/themes/salient/img/icons/link-2x.png]
[www.gmhkaia.com/wp-content/themes/salient/img/icons/portfolio-arrows.png]
[www.gmhkaia.com/wp-content/themes/salient/img/icons/portfolio-arrows-2x.png]
[www.gmhkaia.com/wp-content/themes/salient/img/icons/comment-children-line.jpg]
[www.gmhkaia.com/wp-content/themes/salient/css/fonts/icomoonffaf.eot]
[www.gmhkaia.com/wp-content/themes/salient/css/fonts/icomoond41d.eot]
[www.gmhkaia.com/wp-content/themes/salient/css/fonts/icomoonffaf.ttf]
[www.gmhkaia.com/wp-content/themes/salient/css/build/styled850.css]
[www.gmhkaia.com/wp-content/themes/salient/css/build/header/header-layout-centered-logo-between-menu-altd850.css]
[www.gmhkaia.com/wp-content/themes/salient/css/build/elements/element-fancy-boxd850.css]
[www.gmhkaia.com/wp-content/themes/salient/css/build/elements/element-post-gridd850.css]
[www.gmhkaia.com/wp-content/themes/salient/css/build/elements/element-tabbed-sectiond850.css]
[www.gmhkaia.com/wp-content/themes/salient/css/build/responsived850.css]
[www.gmhkaia.com/wp-content/themes/salient/css/build/plugins/flickityd850.css]
[www.gmhkaia.com/wp-content/themes/salient/css/build/plugins/select2f39e.css]
[www.gmhkaia.com/wp-content/themes/salient/css/build/skin-materiald850.css]
[www.gmhkaia.com/wp-content/uploads/salient/menu-dynamic2a99.css]
[www.gmhkaia.com/wp-content/plugins/js_composer_salient/assets/fonts/vc_icons_v2/fonts/vcpb-plugin-iconsb82a.eot]
[www.gmhkaia.com/wp-content/plugins/js_composer_salient/assets/fonts/vc_icons_v2/fonts/vcpb-plugin-iconsb82a.ttf]
[www.gmhkaia.com/wp-content/plugins/js_composer_salient/assets/fonts/vc_icons_v2/fonts/vcpb-plugin-iconsb82a.woff]
[www.gmhkaia.com/wp-content/plugins/js_composer_salient/assets/images/toggle_open.png]
[www.gmhkaia.com/wp-content/plugins/js_composer_salient/assets/images/toggle_close.png]
[www.gmhkaia.com/wp-content/plugins/js_composer_salient/assets/fonts/vc_grid/vc_grid_v157a1.eot]
[www.gmhkaia.com/wp-content/plugins/js_composer_salient/assets/fonts/vc_grid/vc_grid_v1d41d.eot]
[www.gmhkaia.com/wp-content/plugins/js_composer_salient/assets/fonts/vc_grid/vc_grid_v157a1.woff]
[www.gmhkaia.com/wp-content/plugins/js_composer_salient/assets/fonts/vc_grid/vc_grid_v157a1.ttf]
[www.gmhkaia.com/wp-content/plugins/js_composer_salient/assets/images/spinner.gif]
[www.gmhkaia.com/wp-content/plugins/js_composer_salient/assets/vc/tick.png]
[www.gmhkaia.com/wp-content/plugins/js_composer_salient/assets/vc/remove.png]
[www.gmhkaia.com/wp-content/plugins/js_composer_salient/assets/css/js_composer.min4d80.css]
[www.gmhkaia.com/wp-content/themes/salient/css/salient-dynamic-styles5ecc.css]
[www.gmhkaia.com/wp-content/themes/salient/css/build/elements/element-interactive-mapd850.css]
[www.gmhkaia.com/wp-json/wp/v2/pages/689.json]
[www.gmhkaia.com/wp-json/oembed/1.0/embed0370.json]
[www.gmhkaia.com/wp-json/oembed/1.0/embedbc68]
[www.gmhkaia.com/wp-content/uploads/2023/07/kaia-residences-loft-1.jpg]
[www.gmhkaia.com/wp-content/themes/salient/css/build/plugins/leaflet18cf.css]
[www.gmhkaia.com/wp-content/themes/salient/js/build/third-party/leaflet.mine7f0.js]
[www.gmhkaia.com/wp-content/themes/salient/js/build/elements/nectar-leaflet-mapd850.js]
[www.gmhkaia.com/contact-us/index.html]
[www.gmhkaia.com/wp-json/wp/v2/pages/450.json]
[www.gmhkaia.com/wp-json/oembed/1.0/embedc9d2.json]
[www.gmhkaia.com/wp-json/oembed/1.0/embed5dc8]
[www.gmhkaia.com/wp-content/uploads/2023/07/KAIA-3-Loft-Villas-01.jpg]
[www.gmhkaia.com/wp-content/uploads/2023/07/KAIA-3-Loft-Villas-02.jpg]
[www.gmhkaia.com/wp-content/uploads/2023/07/KAIA-3-Loft-Villas-03.jpg]
[www.gmhkaia.com/wp-content/uploads/2023/07/KAIA-3-Loft-Villas-04.jpg]
[www.gmhkaia.com/wp-content/uploads/2023/07/KAIA-3-Loft-Villas-05-1.jpg]
[www.gmhkaia.com/wp-content/uploads/2023/07/TIPA-LIV-1.jpg]
[www.gmhkaia.com/wp-content/uploads/2023/07/TIPA-KIT.jpg]
[www.gmhkaia.com/wp-content/uploads/2023/07/TIPA-MASTERBEDROOM.jpg]
[www.gmhkaia.com/wp-content/uploads/2023/07/TIPA-B-WC.jpg]
[www.gmhkaia.com/wp-content/uploads/2023/07/TIPA-BATHROOM.jpg]
[www.gmhkaia.com/wp-content/uploads/2023/07/1-Tip-A-Zemin-Kat-2.jpg]
[www.gmhkaia.com/wp-content/uploads/2023/07/Tip-A-Birinci-Kat.jpg]
[www.gmhkaia.com/wp-content/uploads/2023/07/KAIA-4-Courtyard-31-01.jpg]
[www.gmhkaia.com/wp-content/uploads/2023/07/TIPB-KIT.jpg]
[www.gmhkaia.com/wp-content/uploads/2023/07/TIPB-LIV.jpg]
[www.gmhkaia.com/wp-content/uploads/2023/07/Tip-B-Zemin-Kat.jpg]
[www.gmhkaia.com/wp-content/uploads/2023/07/Tip-B-Sende-Kat.jpg]
[www.gmhkaia.com/wp-content/uploads/2023/07/kaia-home-res-02-3.jpg]
[www.gmhkaia.com/wp-content/uploads/2023/07/TIPB_11.jpg]
[www.gmhkaia.com/wp-content/uploads/2023/07/TIPB_11_2.jpg]
[www.gmhkaia.com/wp-content/uploads/2023/07/Tip-B-Birinci-Kat.jpg]
[www.gmhkaia.com/wp-content/uploads/2023/07/KAIA-5-Triplex-Twins-02.jpg]
[www.gmhkaia.com/wp-content/uploads/2023/07/KAIA-5-Triplex-Twins-01.jpg]
[www.gmhkaia.com/wp-content/uploads/2023/07/TIPC1-LIV.jpg]
[www.gmhkaia.com/wp-content/uploads/2023/07/TIPC2-LIV_DRAFT.jpg]
[www.gmhkaia.com/wp-content/uploads/2023/07/TIPC2-KIT.jpg]
[www.gmhkaia.com/wp-content/uploads/2023/07/TIPC1-KIT.jpg]
[www.gmhkaia.com/wp-content/uploads/2023/07/TIPC-WC.jpg]
[www.gmhkaia.com/wp-content/uploads/2023/07/Tip-C-Zemin-Kat.jpg]
[www.gmhkaia.com/wp-content/uploads/2023/07/Tip-C-Sende-Kat.jpg]
[www.gmhkaia.com/wp-content/uploads/2023/07/Tip-C-Birinci-Kat.jpg]
[www.gmhkaia.com/wp-content/uploads/2023/07/KAIA-6-Attacheds-02.jpg]
[www.gmhkaia.com/wp-content/uploads/2023/07/KAIA-6-Attacheds-01-1.jpg]
[www.gmhkaia.com/wp-content/uploads/2023/07/KAIA-6-Attacheds-03.jpg]
[www.gmhkaia.com/wp-content/uploads/2023/07/TIPD_Loft.jpg]
[www.gmhkaia.com/wp-content/uploads/2023/07/TIPD_11.jpg]
[www.gmhkaia.com/wp-content/uploads/2023/07/T4_D_Zemin.jpg]
[www.gmhkaia.com/wp-content/uploads/2023/07/T4_D_Sende.jpg]
[www.gmhkaia.com/wp-content/uploads/2023/07/T4_C_Zemin.jpg]
[www.gmhkaia.com/wp-content/uploads/2023/07/T4_C_Sende.jpg]
[www.gmhkaia.com/wp-content/uploads/2023/07/T4_B.jpg]
[www.gmhkaia.com/wp-content/uploads/2023/07/T4_A.jpg]
[www.gmhkaia.com/residences/index.html]
[www.gmhkaia.com/wp-includes/css/dist/block-library/style.min18cf.css]
[www.gmhkaia.com/wp-content/plugins/salient-social/css/style8d1e.css]
[www.gmhkaia.com/wp-content/themes/salient/css/build/singled850.css]
[www.gmhkaia.com/kaia/crafting-sustainability-kaias-blueprint/feed/index.html]
[www.gmhkaia.com/wp-content/themes/salient/css/build/elements/element-recent-postsd850.css]
[www.gmhkaia.com/wp-json/wp/v2/posts/523.json]
[www.gmhkaia.com/wp-json/oembed/1.0/embedeb15.json]
[www.gmhkaia.com/wp-json/oembed/1.0/embed22cb]
[www.gmhkaia.com/wp-content/uploads/2023/07/kaia-blog-04-1-1024x683.jpg]
[www.gmhkaia.com/wp-content/uploads/2023/07/kaia-blog-04-1-768x512.jpg]
[www.gmhkaia.com/category/kaia/index.html]
[www.gmhkaia.com/wp-content/uploads/2023/07/kaia-blog-04-1.jpg]
[www.gmhkaia.com/wp-content/uploads/2023/07/kaia-blog-04-2-1024x617.jpg]
[www.gmhkaia.com/wp-content/uploads/2023/07/kaia-blog-03-1.jpg]
[www.gmhkaia.com/wp-content/plugins/salient-social/js/salient-social8d1e.js]
[www.gmhkaia.com/kaia/crafting-sustainability-kaias-blueprint/index.html]
[www.gmhkaia.com/wp-json/wp/v2/posts/519.json]
[www.gmhkaia.com/author/admin/index.html]
[www.gmhkaia.com/kaia/a-lifestyle-destination-reimagined/feed/index.html]
[www.gmhkaia.com/wp-json/oembed/1.0/embed4529.json]
[www.gmhkaia.com/wp-json/oembed/1.0/embed1d28]
[www.gmhkaia.com/wp-content/uploads/2023/07/kaia-blog-03-1-1024x683.jpg]
[www.gmhkaia.com/wp-content/uploads/2023/07/kaia-blog-03-1-768x512.jpg]
[www.gmhkaia.com/wp-content/uploads/2023/07/kaia-blog-03-2-1024x617.jpg]
[www.gmhkaia.com/wp-content/uploads/2023/07/kaia-blog-02-2.jpg]
[www.gmhkaia.com/kaia/a-lifestyle-destination-reimagined/index.html]
[www.gmhkaia.com/wp-json/wp/v2/posts/514.json]
[www.gmhkaia.com/kaia/about-us-gmh-development/feed/index.html]
[www.gmhkaia.com/wp-json/oembed/1.0/embed654a.json]
[www.gmhkaia.com/wp-json/oembed/1.0/embedad0d]
[www.gmhkaia.com/wp-content/uploads/2023/07/kaia-blog-02-2-1024x512.jpg]
[www.gmhkaia.com/wp-content/uploads/2023/07/kaia-blog-02-2-768x384.jpg]
[www.gmhkaia.com/wp-content/uploads/2023/07/kaia-blog-02-3-1024x461.jpg]
[www.gmhkaia.com/wp-content/uploads/2023/07/kaia-blog-01-1.jpg]
[www.gmhkaia.com/kaia/about-us-gmh-development/index.html]
[www.gmhkaia.com/wp-json/wp/v2/posts/510.json]
[www.gmhkaia.com/kaia/welcome-to-kaia-a-new-way-of-living/feed/index.html]
[www.gmhkaia.com/wp-json/oembed/1.0/embed572d.json]
[www.gmhkaia.com/wp-json/oembed/1.0/embedad8c]
[www.gmhkaia.com/wp-content/uploads/2023/07/kaia-blog-01-1-1024x683.jpg]
[www.gmhkaia.com/wp-content/uploads/2023/07/kaia-blog-01-1-768x512.jpg]
[www.gmhkaia.com/wp-content/uploads/2023/07/kaia-blog-01-2-1024x683.jpg]
[www.gmhkaia.com/kaia/welcome-to-kaia-a-new-way-of-living/index.html]
[www.gmhkaia.com/wp-content/themes/salient/css/build/elements/element-fancy-unordered-listd850.css]
[www.gmhkaia.com/wp-json/wp/v2/pages/651.json]
[www.gmhkaia.com/wp-json/oembed/1.0/embeddc32.json]
[www.gmhkaia.com/wp-json/oembed/1.0/embed7cdb]
[www.gmhkaia.com/wp-content/uploads/2023/07/KAIA-2-Amenity-01.jpg]
[www.gmhkaia.com/wp-content/uploads/2023/07/KAIA-2-Amenity-03-1.jpg]
[www.gmhkaia.com/wp-content/uploads/2023/07/KAIA-2-Social-Areas-02-1.jpg]
[www.gmhkaia.com/wp-content/uploads/2023/07/KAIA-2-Social-Areas-03.jpg]
[www.gmhkaia.com/lifestyle-destination/index.html]
[www.gmhkaia.com/wp-json/wp/v2/pages/917.json]
[www.gmhkaia.com/wp-json/oembed/1.0/embedf9ad.json]
[www.gmhkaia.com/wp-json/oembed/1.0/embedf310]
[www.gmhkaia.com/wp-content/uploads/2023/07/KAIA-2-Social-Areas-07.jpg]
[www.gmhkaia.com/wp-content/uploads/2023/07/KAIA-2-Amenity-04.jpg]
[www.gmhkaia.com/wp-content/uploads/2023/07/Radiation-North-Spring-scaled.jpg]
[www.gmhkaia.com/wp-content/uploads/2023/07/Sustainable-Masterplan-Breeze-Analysis-3.jpg]
[www.gmhkaia.com/wp-content/uploads/2023/07/Sustainable-Masterplan-Wind-Analysis-3.jpg]
[www.gmhkaia.com/sustainable-design/index.html]
[www.gmhkaia.com/wp-json/wp/v2/pages/1002.json]
[www.gmhkaia.com/wp-json/oembed/1.0/embede493.json]
[www.gmhkaia.com/wp-json/oembed/1.0/embed6145]
[www.gmhkaia.com/wp-content/uploads/2023/07/project-location-mersinlik.jpg]
[www.gmhkaia.com/wp-content/uploads/2023/07/kaia-around-exp-04.jpg]
[www.gmhkaia.com/wp-content/uploads/2023/07/kaia-around-exp-05.jpg]
[www.gmhkaia.com/wp-content/uploads/2023/07/kaia-around-exp-01.jpg]
[www.gmhkaia.com/wp-content/uploads/2023/07/kaia-around-exp-06.jpg]
[www.gmhkaia.com/location/index.html]
[www.gmhkaia.com/wp-content/themes/salient/css/build/elements/element-testimoniald850.css]
[www.gmhkaia.com/wp-json/wp/v2/pages/46.json]
[www.gmhkaia.com/wp-json/oembed/1.0/embed1dc1.json]
[www.gmhkaia.com/wp-json/oembed/1.0/embedf656]
[www.gmhkaia.com/wp-content/uploads/2023/07/KAIA-1-Site-Views-01-1.jpg]
[www.gmhkaia.com/wp-content/uploads/2023/07/KAIA-1-Site-Views-04-1.jpg]
[www.gmhkaia.com/wp-content/uploads/2023/07/KAIA-1-Site-Views-03.jpg]
[www.gmhkaia.com/wp-content/uploads/2023/07/KAIA-3-Loft-Villas-06.jpg]
[www.gmhkaia.com/wp-content/uploads/2023/07/KAIA-2-Amenity-01-1.jpg]
[www.gmhkaia.com/wp-content/uploads/2023/07/KAIA-2-Amenity-02-1.jpg]
[www.gmhkaia.com/wp-content/uploads/2023/07/KAIA-2-Social-Areas-01-1.jpg]
[www.gmhkaia.com/wp-content/uploads/2023/07/KAIA-2-Amenity-03n-1.jpg]
[www.gmhkaia.com/wp-content/uploads/2023/07/KAIA-2-Social-Areas-05-1.jpg]
[www.gmhkaia.com/wp-content/uploads/2023/07/KAIA-2-Social-Areas-06-1.jpg]
[www.gmhkaia.com/wp-content/themes/salient/js/build/elements/nectar-testimonial-sliderd850.js]
[www.gmhkaia.com/gallery/index.html]
[www.gmhkaia.com/wp-json/wp/v2/pages/49.json]
[www.gmhkaia.com/wp-json/oembed/1.0/embedc652.json]
[www.gmhkaia.com/wp-json/oembed/1.0/embedd24f]
[www.gmhkaia.com/news/index.html]
[www.gmhkaia.com/wp-json/wp/v2/pages/674.json]
[www.gmhkaia.com/wp-json/oembed/1.0/embed1e21.json]
[www.gmhkaia.com/wp-json/oembed/1.0/embed1f5a]
[www.gmhkaia.com/about-us/index.html]
[www.gmhkaia.com/wp-content/themes/salient/css/build/elements/element-team-memberd850.css]
[www.gmhkaia.com/wp-json/wp/v2/pages/980.json]
[www.gmhkaia.com/wp-json/oembed/1.0/embed4ad6.json]
[www.gmhkaia.com/wp-json/oembed/1.0/embed3366]
[www.gmhkaia.com/wp-content/uploads/2023/07/Ergin-Birinci.jpg]
[www.gmhkaia.com/wp-content/uploads/2023/07/team-pembe-birinci.jpg]
[www.gmhkaia.com/wp-content/uploads/2023/07/team-kerim-karadeniz.jpg]
[www.gmhkaia.com/wp-content/uploads/2023/07/team-ahmet-kucukunsal.jpg]
[www.gmhkaia.com/wp-content/uploads/2023/07/team-osman-eminel.jpg]
[www.gmhkaia.com/wp-content/uploads/2023/07/team-merve-atesin.jpg]
[www.gmhkaia.com/wp-content/uploads/2023/07/team-mukaddes-onen.jpg]
[www.gmhkaia.com/team/index.html]
[www.gmhkaia.com/wp-content/themes/salient/css/build/style-non-criticald850.css]
[www.gmhkaia.com/wp-content/themes/salient/css/fonts/fontawesome-webfont3ea6.eot]
[www.gmhkaia.com/wp-content/themes/salient/css/fonts/fontawesome-webfontd41d.eot]
[www.gmhkaia.com/wp-content/themes/salient/css/fonts/fontawesome-webfont3ea6.woff]
[www.gmhkaia.com/wp-content/themes/salient/css/fonts/fontawesome-webfont3ea6.ttf]
[www.gmhkaia.com/wp-content/themes/salient/css/font-awesome.min6996.css]
[www.gmhkaia.com/wp-content/themes/salient/css/build/plugins/jquery.fancybox3d36.css]
[www.gmhkaia.com/wp-content/themes/salient/css/build/off-canvas/cored850.css]
[www.gmhkaia.com/wp-content/themes/salient/css/fonts/icomoon.svg]
[www.gmhkaia.com/wp-content/plugins/js_composer_salient/assets/fonts/vc_icons_v2/fonts/vcpb-plugin-iconsb82a.svg]
[www.gmhkaia.com/wp-content/plugins/js_composer_salient/assets/fonts/vc_grid/vc_grid_v157a1.svg]
[www.gmhkaia.com/wp-content/themes/salient/css/build/elements/element-interactive-mapd850.css]
[www.gmhkaia.com/index1b7b.html]
[www.gmhkaia.com/wp-content/themes/salient/css/build/plugins/leaflet18cf.css]
[www.gmhkaia.com/index9e0f.html]
[www.gmhkaia.com/wp-includes/css/dist/block-library/style.min18cf.css]
[www.gmhkaia.com/wp-content/plugins/salient-social/css/style8d1e.css]
[www.gmhkaia.com/wp-content/themes/salient/css/build/singled850.css]
[www.gmhkaia.com/wp-content/themes/salient/css/build/elements/element-recent-postsd850.css]
[www.gmhkaia.com/index16bc.html]
[www.gmhkaia.com/wp-content/themes/salient/css/build/blog/standard-featured-leftd850.css]
[www.gmhkaia.com/category/kaia/feed/index.html]
[www.gmhkaia.com/wp-json/wp/v2/categories/8.json]
[www.gmhkaia.com/category/kaia/index.html]
[www.gmhkaia.com/wp-json/wp/v2/users/1.json]
[www.gmhkaia.com/author/admin/index.html]
[www.gmhkaia.com/indexcc08.html]
[www.gmhkaia.com/indexcaae.html]
[www.gmhkaia.com/index912b.html]
[www.gmhkaia.com/wp-content/themes/salient/css/build/elements/element-fancy-unordered-listd850.css]
[www.gmhkaia.com/indexa26f.html]
[www.gmhkaia.com/index4181.html]
[www.gmhkaia.com/index50b4.html]
[www.gmhkaia.com/wp-content/themes/salient/css/build/elements/element-testimoniald850.css]
[www.gmhkaia.com/index7ea6.html]
[www.gmhkaia.com/index0012.html]
[www.gmhkaia.com/index030b.html]
[www.gmhkaia.com/wp-content/themes/salient/css/build/elements/element-team-memberd850.css]
[www.gmhkaia.com/indexca89.html]
[www.gmhkaia.com/wp-content/themes/salient/css/fonts/fontawesome-webfont.svg]
[www.gmhkaia.com/wp-content/themes/salient/css/img/icons/leaflet/marker-shadow.html]
[www.gmhkaia.com/wp-content/themes/salient/css/img/icons/leaflet/layers.html]
[www.gmhkaia.com/wp-content/themes/salient/css/img/icons/leaflet/layers-2x.html]
[www.gmhkaia.com/wp-content/themes/salient/css/build/blog/standard-featured-leftd850.css]
[www.gmhkaia.com/author/admin/feed/index.html]
